Usage: mapgd [COMMAND] [OPTIONS]
Try 'mapgd --help' for more information.
