@NAME:SCAFFOLDS	VERSION:0.4.4	FORMAT:TEXT	CONCATENATED
@NAME          	LENGTH
scaffold_1	10
scaffold_2	10
scaffold_3	10
@END_TABLE
@NAME:LINKAGE	VERSION:0.4.4	FORMAT:TEXT	CONCATENATED	INDEXED
@SCFNAME	POS_X	POS_Y	BEST_D	BEST_D'	BEST_D2	BEST_R2	ADJ_BEST_D	ADJ_BEST_D'	ADJ_BEST_D2	ADJ_BEST_r2	Ni	LOGLIKE
@END_TABLE
