@NAME:SCAFFOLDS	VERSION:0.4.21	FORMAT:TEXT	CONCATENATED
@NAME          	LENGTH
scaffold_1	10
scaffold_2	10
scaffold_3	10
@END_TABLE
@NAME:GENOME	VERSION:0.4.21	FORMAT:TEXT	CONCATENATED	INDEXED
@SCFNAME    	POS	REF	MAJOR	MINOR	COVERAG	MJ_FREQ	MN_FREQ	ERROR	NULL_ER	F_STAT	MM_FREQ	Mm_FREQ	mm_FREQ	HETERO	POLY_LR	HWE_LR	GOF	EF_CHRM	IND_INC	IND_CUT	BEST_LL
scaffold_1	1	T	N	N	0	.	.	.	.	.	.	.	.	.	0.0000	0.0000	0.0000	0.0000	0	0	0.0000
scaffold_1	2	A	N	N	0	.	.	.	.	.	.	.	.	.	0.0000	0.0000	0.0000	0.0000	0	0	0.0000
scaffold_1	3	A	N	N	0	.	.	.	.	.	.	.	.	.	0.0000	0.0000	0.0000	0.0000	0	0	0.0000
scaffold_1	4	A	N	N	0	.	.	.	.	.	.	.	.	.	0.0000	0.0000	0.0000	0.0000	0	0	0.0000
scaffold_1	5	T	N	N	0	.	.	.	.	.	.	.	.	.	0.0000	0.0000	0.0000	0.0000	0	0	0.0000
scaffold_1	6	C	N	N	0	.	.	.	.	.	.	.	.	.	0.0000	0.0000	0.0000	0.0000	0	0	0.0000
scaffold_1	7	G	N	N	0	.	.	.	.	.	.	.	.	.	0.0000	0.0000	0.0000	0.0000	0	0	0.0000
scaffold_1	8	C	N	N	0	.	.	.	.	.	.	.	.	.	0.0000	0.0000	0.0000	0.0000	0	0	0.0000
scaffold_1	9	C	N	N	0	.	.	.	.	.	.	.	.	.	0.0000	0.0000	0.0000	0.0000	0	0	0.0000
scaffold_1	10	C	N	N	0	.	.	.	.	.	.	.	.	.	0.0000	0.0000	0.0000	0.0000	0	0	0.0000
scaffold_2	1	T	N	N	0	.	.	.	.	.	.	.	.	.	0.0000	0.0000	0.0000	0.0000	0	0	0.0000
scaffold_2	2	A	N	N	0	.	.	.	.	.	.	.	.	.	0.0000	0.0000	0.0000	0.0000	0	0	0.0000
scaffold_2	3	A	N	N	0	.	.	.	.	.	.	.	.	.	0.0000	0.0000	0.0000	0.0000	0	0	0.0000
scaffold_2	4	A	N	N	0	.	.	.	.	.	.	.	.	.	0.0000	0.0000	0.0000	0.0000	0	0	0.0000
scaffold_2	5	T	N	N	0	.	.	.	.	.	.	.	.	.	0.0000	0.0000	0.0000	0.0000	0	0	0.0000
scaffold_2	6	C	N	N	0	.	.	.	.	.	.	.	.	.	0.0000	0.0000	0.0000	0.0000	0	0	0.0000
scaffold_2	7	G	N	N	0	.	.	.	.	.	.	.	.	.	0.0000	0.0000	0.0000	0.0000	0	0	0.0000
scaffold_2	8	C	N	N	0	.	.	.	.	.	.	.	.	.	0.0000	0.0000	0.0000	0.0000	0	0	0.0000
scaffold_2	9	C	N	N	0	.	.	.	.	.	.	.	.	.	0.0000	0.0000	0.0000	0.0000	0	0	0.0000
scaffold_2	10	C	C	A	80	0.6250	0.3750	0.0010	0.3750	0.6095	0.5000	0.2500	0.2500	0.5357	135.58	0.88	0.26	8.00	4	0	-5.9684
scaffold_3	1	C	C	A	80	0.6250	0.3750	0.0010	0.3750	0.6095	0.5000	0.2500	0.2500	0.5357	135.58	0.88	0.26	8.00	4	0	-5.9684
scaffold_3	2	C	C	A	40	0.7500	0.2500	0.0010	0.3125	-0.0000	0.5000	0.5000	0.0000	0.5000	18.28	0.34	-1.10	4.00	2	2	-5.6337
scaffold_3	3	A	N	N	0	.	.	.	.	.	.	.	.	.	0.0000	0.0000	0.0000	0.0000	0	0	0.0000
scaffold_3	4	A	N	N	0	.	.	.	.	.	.	.	.	.	0.0000	0.0000	0.0000	0.0000	0	0	0.0000
scaffold_3	5	T	N	N	0	.	.	.	.	.	.	.	.	.	0.0000	0.0000	0.0000	0.0000	0	0	0.0000
scaffold_3	6	C	N	N	0	.	.	.	.	.	.	.	.	.	0.0000	0.0000	0.0000	0.0000	0	0	0.0000
scaffold_3	7	G	N	N	0	.	.	.	.	.	.	.	.	.	0.0000	0.0000	0.0000	0.0000	0	0	0.0000
scaffold_3	8	C	N	N	0	.	.	.	.	.	.	.	.	.	0.0000	0.0000	0.0000	0.0000	0	0	0.0000
scaffold_3	9	C	C	A	80	0.6250	0.3750	0.0010	0.3750	0.6095	0.5000	0.2500	0.2500	0.5357	135.58	0.88	0.26	8.00	4	0	-5.9684
scaffold_3	10	C	N	N	60	0.5000	0.5000	0.0010	0.5000	0.5333	0.3333	0.3333	0.3333	0.6000	114.67	0.34	0.30	6.00	3	0	-5.0853
@END_TABLE
@NAME:SAMPLE	VERSION:0.4.21	FORMAT:TEXT	CONCATENATED
@SMPNAME	GOF
spitze-mpileup.txt:1	0.7175
spitze-mpileup.txt:2	-1.0610
spitze-mpileup.txt:3	0.3180
spitze-mpileup.txt:4	0.7323
spitze-mpileup.txt:5	-nan
spitze-mpileup.txt:6	-nan
spitze-mpileup.txt:7	-nan
spitze-mpileup.txt:8	-nan
@END_TABLE
