@NAME:SCAFFOLDS	VERSION:0.4.21	FORMAT:TEXT	CONCATENATED
@NAME          	LENGTH
scaffold_1	10
scaffold_2	10
scaffold_3	10
@END_TABLE
@NAME:QUARTETS	VERSION:0.4.21	FORMAT:TEXT	CONCATENATED	INDEXED
@ID0       	ID1	REF	spitze-mpileup.txt:1	spitze-mpileup.txt:2	spitze-mpileup.txt:3	spitze-mpileup.txt:4	spitze-mpileup.txt:5	spitze-mpileup.txt:6	spitze-mpileup.txt:7	spitze-mpileup.txt:8
scaffold_1	1	T	0/0/0/0        	0/0/0/1        	0/0/0/0        	0/0/0/0        	0/0/0/0        	0/0/0/0        	0/0/0/0        	0/0/0/0        
scaffold_1	2	A	0/0/0/0        	1/0/0/0        	0/0/0/0        	0/0/0/0        	1/0/0/0        	0/0/0/0        	0/0/0/0        	0/0/0/0        
scaffold_1	3	A	0/0/0/0        	1/0/0/0        	0/0/0/0        	0/0/0/0        	1/0/0/0        	0/0/0/0        	0/0/0/0        	0/0/0/0        
scaffold_1	4	A	0/0/0/0        	1/0/0/0        	0/0/0/0        	0/0/0/0        	1/0/0/0        	0/0/0/0        	0/0/0/0        	0/0/0/0        
scaffold_1	5	T	0/0/0/0        	0/0/0/1        	0/0/0/0        	0/0/0/0        	0/0/0/1        	0/0/0/0        	0/0/0/0        	0/0/0/0        
scaffold_1	6	C	0/0/0/0        	0/1/0/0        	0/0/0/0        	0/0/0/0        	0/1/0/0        	0/0/0/0        	0/0/0/0        	0/0/0/0        
scaffold_1	7	G	0/0/0/0        	0/0/1/0        	0/0/0/0        	0/0/0/0        	0/0/1/0        	0/0/0/0        	0/0/0/0        	0/0/0/0        
scaffold_1	8	C	0/0/0/0        	0/1/0/0        	0/0/0/0        	0/0/0/0        	0/1/0/0        	0/0/0/0        	0/0/0/0        	0/0/0/0        
scaffold_1	9	C	0/0/0/0        	0/1/0/0        	0/0/0/0        	0/0/0/0        	0/1/0/0        	0/0/0/0        	0/0/0/0        	0/0/0/0        
scaffold_1	10	C	0/0/0/0        	0/1/0/0        	0/0/0/0        	0/0/0/0        	0/1/0/0        	0/0/0/0        	0/0/0/0        	0/0/0/0        
scaffold_2	1	T	0/0/0/0        	0/0/0/2        	0/0/0/0        	0/0/0/0        	0/0/0/0        	0/0/0/0        	0/0/0/0        	0/0/0/0        
scaffold_2	2	A	0/0/0/0        	2/0/0/0        	0/0/0/0        	0/0/0/0        	1/0/0/0        	0/0/0/0        	0/0/0/0        	0/0/0/0        
scaffold_2	3	A	0/0/0/0        	2/0/0/0        	0/0/0/0        	0/0/0/0        	1/0/0/0        	0/0/0/0        	0/0/0/0        	0/0/0/0        
scaffold_2	4	A	0/0/0/0        	2/0/0/0        	0/0/0/0        	0/0/0/0        	1/0/0/0        	0/0/0/0        	0/0/0/0        	0/0/0/0        
scaffold_2	5	T	0/0/0/0        	0/0/0/2        	0/0/0/0        	0/0/0/0        	0/0/0/1        	0/0/0/0        	0/0/0/0        	0/0/0/0        
scaffold_2	6	C	0/0/0/0        	0/2/0/0        	0/0/0/0        	0/0/0/0        	0/1/0/0        	0/0/0/0        	0/0/0/0        	0/0/0/0        
scaffold_2	7	G	0/0/0/0        	0/0/2/0        	0/0/0/0        	0/0/0/0        	0/0/1/0        	0/0/0/0        	0/0/0/0        	0/0/0/0        
scaffold_2	8	C	0/0/0/0        	0/2/0/0        	0/0/0/0        	0/0/0/0        	0/1/0/0        	0/0/0/0        	0/0/0/0        	0/0/0/0        
scaffold_2	9	C	0/0/0/0        	0/2/0/0        	0/0/0/0        	0/0/0/0        	0/1/0/0        	0/0/0/0        	0/0/0/0        	0/0/0/0        
scaffold_2	10	C	0/20/0/0       	10/10/0/0      	20/0/0/0       	0/20/0/0       	0/1/0/0        	0/0/0/0        	0/0/0/0        	0/0/0/0        
scaffold_3	1	C	0/20/0/0       	10/10/0/0      	20/0/0/0       	0/20/0/0       	0/1/0/0        	0/0/0/0        	0/0/0/0        	0/0/0/0        
scaffold_3	2	C	4/16/0/0       	5/15/0/0       	16/4/0/0       	0/20/0/0       	0/1/0/0        	0/0/0/0        	0/0/0/0        	0/0/0/0        
scaffold_3	3	A	0/0/0/0        	3/0/0/0        	0/0/0/0        	0/0/0/0        	1/0/0/0        	0/0/0/0        	0/0/0/0        	0/0/0/0        
scaffold_3	4	A	0/0/0/0        	3/0/0/0        	0/0/0/0        	0/0/0/0        	1/0/0/0        	0/0/0/0        	0/0/0/0        	0/0/0/0        
scaffold_3	5	T	0/0/0/0        	1/0/0/2        	0/0/0/0        	0/0/0/0        	0/0/0/1        	0/0/0/0        	0/0/0/0        	0/0/0/0        
scaffold_3	6	C	0/0/0/0        	1/2/0/0        	0/0/0/0        	0/0/0/0        	0/1/0/0        	0/0/0/0        	0/0/0/0        	0/0/0/0        
scaffold_3	7	G	0/0/0/0        	1/0/2/0        	0/0/0/0        	0/0/0/0        	0/0/1/0        	0/0/0/0        	0/0/0/0        	0/0/0/0        
scaffold_3	8	C	0/0/0/0        	1/2/0/0        	0/0/0/0        	0/0/0/0        	0/1/0/0        	0/0/0/0        	0/0/0/0        	0/0/0/0        
scaffold_3	9	C	0/20/0/0       	10/10/0/0      	20/0/0/0       	0/20/0/0       	0/1/0/0        	0/0/0/0        	0/0/0/0        	0/0/0/0        
scaffold_3	10	C	0/20/0/0       	10/10/0/0      	20/0/0/0       	0/0/0/0        	0/1/0/0        	0/0/0/0        	0/0/0/0        	0/0/0/0        
@END_TABLE
