id1	id2	ref	major	minor	cov	M	m	error	null_e	f	MM	Mm	mm	h	polyll	HWEll	gof	eff_chrom	N	N_excluded	model_ll
scaffold_0	2	A	A	*	6	1.0000	0.0000	0.0000	0.0000	0.0000	1.0000	0.0000	0.0000	0.0000	0.0000	0.0000	0.0000	2.9375	2	0	0.0000
